Microchip MPLAB XC8 Compiler V2.31

Linker command line:

-W-3 --edf=C:\Program Files\Microchip\xc8\v2.31\pic\dat\en_msgs.txt -cn \
  -h+dist/default/production\laboratorio5d.X.production.sym \
  --cmf=dist/default/production\laboratorio5d.X.production.cmf -z -Q16F887 \
  -oC:\Users\duart\AppData\Local\Temp\sd5g.2 --defsym=__MPLAB_BUILD=1 \
  -Mdist/default/production/laboratorio5d.X.production.map -E1 \
  -ver=XC8 Compiler --acfsm=1493 -ASTACK=0110h-016Fh -pstack=STACK \
  -ACODE=00h-07FFhx4 -ASTRCODE=00h-01FFFh -ASTRING=00h-0FFhx32 \
  -ACONST=00h-0FFhx32 -AENTRY=00h-0FFhx32 -ACOMMON=070h-07Fh \
  -ABANK0=020h-06Fh -ABANK1=0A0h-0EFh -ABANK2=0110h-016Fh \
  -ABANK3=0190h-01EFh -ARAM=020h-06Fh,0A0h-0EFh,0110h-016Fh,0190h-01EFh \
  -AABS1=020h-07Fh,0A0h-0EFh,0110h-016Fh,0190h-01EFh -ASFR0=00h-01Fh \
  -ASFR1=080h-09Fh -ASFR2=0100h-010Fh -ASFR3=0180h-018Fh \
  -ACONFIG=02007h-02008h -DCONFIG=2 -AIDLOC=02000h-02003h -DIDLOC=2 \
  -AEEDATA=00h-0FFh/02100h -peeprom_data=EEDATA -DEEDATA=2 -DCODE=2 \
  -DSTRCODE=2 -DSTRING=2 -DCONST=2 -DENTRY=2 \
  -preset_vec=00h,intentry=04h,init,end_init -ppowerup=CODE -pcinit=CODE \
  -pfunctab=ENTRY -k C:\Users\duart\AppData\Local\Temp\sd5g.o \
  dist/default/production\laboratorio5d.X.production.o 

Object code version is 3.11

Machine type is 16F887



                Name                               Link     Load   Length Selector   Space Scale
C:\Users\duart\AppData\Local\Temp\sd5g.o
                end_init                              C        C        3        8       0
                reset_vec                             0        0        3        0       0
                config                             2007     2007        2        0       4
dist/default/production\laboratorio5d.X.production.o
                cinit                                 F        F       15        8       0
                functab                              24       24        9       48       0
                intentry                              4        4        8        8       0
                config                             2007     2007        2        0       4
                text18                              663      663       20      7DC       0
                text17                              61D      61D       25      7DC       0
                text16                              701      701       12      7DC       0
                text15                              3EE      3EE       83      7DC       0
                text14                              541      541       44      7DC       0
                text13                              585      585       3C      7DC       0
                text12                              713      713        9      7DC       0
                text11                              172      172      136       5A       0
                text10                              683      683       1B      7DC       0
                text9                               6D2      6D2       1A      7DC       0
                text8                               6B8      6B8       1A      7DC       0
                text7                               69E      69E       1A      7DC       0
                text6                               471      471       69      7DC       0
                text5                               6EC      6EC       15      7DC       0
                text4                               4DA      4DA       67      7DC       0
                text3                               5C1      5C1       33      7DC       0
                text2                               642      642       21      7DC       0
                text1                               5F4      5F4       29      7DC       0
                maintext                             2D       2D      145       5A       0
                cstackBANK0                          4C       4C       1F       20       1
                cstackCOMMON                         70       70        B       70       1
                clrtext                             71C      71C        8      7DC       0
                bssBANK1                             A0       A0       14       A0       1
                bssBANK0                             20       20       2C       20       1
                nvBANK0                              6B       6B        3       20       1
                strings                             300      300       EE      600       0

TOTAL           Name                               Link     Load   Length     Space
        CLASS   STACK          

        CLASS   CODE           
                end_init                              C        C        3         0
                cinit                                 F        F       15         0
                intentry                              4        4        8         0
                reset_vec                             0        0        3         0
                text18                              663      663       20         0
                text17                              61D      61D       25         0
                text16                              701      701       12         0
                text15                              3EE      3EE       83         0
                text14                              541      541       44         0
                text13                              585      585       3C         0
                text12                              713      713        9         0
                text11                              172      172      136         0
                text10                              683      683       1B         0
                text9                               6D2      6D2       1A         0
                text8                               6B8      6B8       1A         0
                text7                               69E      69E       1A         0
                text6                               471      471       69         0
                text5                               6EC      6EC       15         0
                text4                               4DA      4DA       67         0
                text3                               5C1      5C1       33         0
                text2                               642      642       21         0
                text1                               5F4      5F4       29         0
                maintext                             2D       2D      145         0
                clrtext                             71C      71C        8         0

        CLASS   STRCODE        

        CLASS   STRING         
                strings                             300      300       EE         0

        CLASS   CONST          

        CLASS   ENTRY          
                functab                              24       24        9         0

        CLASS   COMMON         
                cstackCOMMON                         70       70        B         1

        CLASS   BANK0          
                cstackBANK0                          4C       4C       1F         1
                bssBANK0                             20       20       2C         1
                nvBANK0                              6B       6B        3         1

        CLASS   BANK1          
                bssBANK1                             A0       A0       14         1

        CLASS   BANK2          

        CLASS   BANK3          

        CLASS   RAM            

        CLASS   ABS1           
                abs_s1                               7E       7E        2         1

        CLASS   SFR0           

        CLASS   SFR1           

        CLASS   SFR2           

        CLASS   SFR3           

        CLASS   CONFIG         
                config                             2007     2007        2         4

        CLASS   IDLOC          

        CLASS   EEDATA         



SEGMENTS        Name                           Load    Length   Top    Selector   Space  Class     Delta

                reset_vec                      000000  000003  000003         0       0  CODE        2
                intentry                       000004  000020  000024         8       0  CODE        2
                bssBANK0                       000020  00004E  00006E        20       1  BANK0       1
                functab                        000024  000009  00002D        48       0  ENTRY       2
                maintext                       00002D  00027B  0002A8        5A       0  CODE        2
                cstackCOMMON                   000070  00000B  00007B        70       1  COMMON      1
                bssBANK1                       0000A0  000014  0000B4        A0       1  BANK1       1
                strings                        000300  0000EE  0003EE       600       0  STRING      2
                text15                         0003EE  000336  000724       7DC       0  CODE        2


UNUSED ADDRESS RANGES

        Name                Unused          Largest block    Delta
        BANK0            006E-006F              2           1
        BANK1            00B4-00EF             3C           1
        BANK2            0110-016F             60           1
        BANK3            0190-01EF             60           1
        CODE             0003-0003              1           2
                         02A8-02FF             58
                         0724-1FFF            800
        COMMON           007B-007D              3           1
        CONST            0003-0003              1           2
                         02A8-02FF             58
                         0724-1FFF            100
        EEDATA           2100-21FF            100           2
        ENTRY            0003-0003              1           2
                         02A8-02FF             58
                         0724-1FFF            100
        IDLOC            2000-2003              4           2
        RAM              006E-006F              2           1
                         00B4-00EF             3C
                         0110-016F             60
                         0190-01EF             60
        SFR0             0000-001F             20           1
        SFR1             0080-009F             20           1
        SFR2             0100-010F             10           1
        SFR3             0180-018F             10           1
        STACK            0110-016F             60           1
        STRCODE          0003-0003              1           2
                         02A8-02FF             58
                         0724-1FFF           18DC
        STRING           0003-0003              1           2
                         02A8-02FF             58
                         0724-1FFF            100

                                  Symbol Table

?___awdiv                cstackCOMMON 0073
?___lwdiv                cstackCOMMON 0073
?___lwmod                cstackBANK0  004C
?___wmul                 cstackCOMMON 0073
?__doprnt                cstackBANK0  0052
?_atoi                   cstackCOMMON 0079
?_printf                 cstackCOMMON 0070
?_sprintf                cstackBANK0  005D
_ANSEL                   (abs)        0188
_ANSELH                  (abs)        0189
_BAUDCTLbits             (abs)        0187
_CENTENA                 bssBANK0     0022
_CONT                    bssBANK0     0023
_DECENA                  bssBANK0     0021
_INTCONbits              (abs)        000B
_IOCBbits                (abs)        0096
_OPTION_REGbits          (abs)        0081
_OSCCONbits              (abs)        008F
_PORTA                   (abs)        0005
_PORTBbits               (abs)        0006
_PORTD                   (abs)        0008
_RBIF                    (abs)        0058
_RCIF                    (abs)        0065
_RCREG                   (abs)        001A
_RCSTAbits               (abs)        0018
_SPBRG                   (abs)        0099
_SPBRGH                  (abs)        009A
_TRISBbits               (abs)        0086
_TRISD                   (abs)        0088
_TXIF                    (abs)        0064
_TXREG                   (abs)        0019
_TXSTAbits               (abs)        0098
_UNIDAD                  bssBANK0     0020
_WPUB                    (abs)        0095
__Habs1                  abs1         005A
__Hbank0                 bank0        005A
__Hbank1                 bank1        005A
__Hbank2                 bank2        005A
__Hbank3                 bank3        005A
__HbssBANK0              bssBANK0     005A
__HbssBANK1              bssBANK1     005A
__Hcinit                 cinit        0024
__Hclrtext               clrtext      005A
__Hcode                  code         005A
__Hcommon                common       005A
__Hconfig                config       2009
__HcstackBANK0           cstackBANK0  005A
__HcstackCOMMON          cstackCOMMON 005A
__Heeprom_data           eeprom_data  0000
__Hend_init              end_init     000F
__Hfunctab               functab      002D
__Hinit                  init         000C
__Hintentry              intentry     000C
__Hmaintext              maintext     005A
__HnvBANK0               nvBANK0      005A
__Hpowerup               powerup      0000
__Hram                   ram          005A
__Hreset_vec             reset_vec    0003
__Hsfr0                  sfr0         005A
__Hsfr1                  sfr1         005A
__Hsfr2                  sfr2         005A
__Hsfr3                  sfr3         005A
__Hspace_0               (abs)        0724
__Hspace_1               (abs)        00B4
__Hspace_2               (abs)        0000
__Hspace_3               (abs)        0000
__Hspace_4               (abs)        4010
__Hstack                 stack        0000
__Hstrings               strings      005A
__Htext                  text         005A
__Labs1                  abs1         005A
__Lbank0                 bank0        005A
__Lbank1                 bank1        005A
__Lbank2                 bank2        005A
__Lbank3                 bank3        005A
__LbssBANK0              bssBANK0     005A
__LbssBANK1              bssBANK1     005A
__Lcinit                 cinit        000F
__Lclrtext               clrtext      005A
__Lcode                  code         005A
__Lcommon                common       005A
__Lconfig                config       0000
__LcstackBANK0           cstackBANK0  005A
__LcstackCOMMON          cstackCOMMON 005A
__Leeprom_data           eeprom_data  0000
__Lend_init              end_init     000C
__Lfunctab               functab      0024
__Linit                  init         000C
__Lintentry              intentry     0004
__Lmaintext              maintext     005A
__LnvBANK0               nvBANK0      005A
__Lpowerup               powerup      0000
__Lram                   ram          005A
__Lreset_vec             reset_vec    0000
__Lsfr0                  sfr0         005A
__Lsfr1                  sfr1         005A
__Lsfr2                  sfr2         005A
__Lsfr3                  sfr3         005A
__Lspace_0               (abs)        0000
__Lspace_1               (abs)        0000
__Lspace_2               (abs)        0000
__Lspace_3               (abs)        0000
__Lspace_4               (abs)        0000
__Lstack                 stack        0000
__Lstrings               strings      005A
__Ltext                  text         005A
__S0                     (abs)        0724
__S1                     (abs)        00B4
__S2                     (abs)        0000
__S3                     (abs)        0000
___awdiv                 text6        0471
___awdiv@counter         cstackBANK0  004C
___awdiv@dividend        cstackCOMMON 0075
___awdiv@divisor         cstackCOMMON 0073
___awdiv@quotient        cstackBANK0  004E
___awdiv@sign            cstackBANK0  004D
___bmul                  text5        06EC
___bmul@multiplicand     cstackCOMMON 0073
___bmul@multiplier       cstackCOMMON 0076
___bmul@product          cstackCOMMON 0075
___int_sp                stack        0000
___latbits               (abs)        0002
___lwdiv                 text14       0541
___lwdiv@counter         cstackCOMMON 007A
___lwdiv@dividend        cstackCOMMON 0075
___lwdiv@divisor         cstackCOMMON 0073
___lwdiv@quotient        cstackCOMMON 0078
___lwmod                 text13       0585
___lwmod@counter         cstackBANK0  0051
___lwmod@dividend        cstackBANK0  004E
___lwmod@divisor         cstackBANK0  004C
___sp                    stack        0000
___stackhi               (abs)        0000
___stacklo               (abs)        0000
___wmul                  text17       061D
___wmul@multiplicand     cstackCOMMON 0075
___wmul@multiplier       cstackCOMMON 0073
___wmul@product          cstackCOMMON 0077
__doprnt                 text11       0172
__doprnt@ap              cstackBANK0  0053
__doprnt@c               cstackBANK0  005B
__doprnt@f               cstackBANK0  0052
__doprnt@flag            cstackBANK0  0057
__doprnt@pb              cstackBANK0  005C
__doprnt@prec            cstackBANK0  0058
__doprnt@val             cstackBANK0  0059
__end_of___awdiv         text6        04DA
__end_of___bmul          text5        0701
__end_of___lwdiv         text14       0585
__end_of___lwmod         text13       05C1
__end_of___wmul          text17       0642
__end_of__doprnt         text11       02A8
__end_of__fptable        functab      002D
__end_of__initialization cinit        0020
__end_of__stringtab      strings      0306
__end_of_atoi            text15       0471
__end_of_def             text9        06EC
__end_of_def1            text8        06D2
__end_of_def2            text7        06B8
__end_of_division        text4        0541
__end_of_dpowers         strings      0310
__end_of_isdigit         text16       0713
__end_of_isr             text18       0683
__end_of_main            maintext     0172
__end_of_printf          text10       069E
__end_of_putch           text12       071C
__end_of_setup           text3        05F4
__end_of_sprintf         text2        0663
__end_of_strcat          text1        061D
__fptable                functab      0024
__initialization         cinit        000F
__pbssBANK0              bssBANK0     0020
__pbssBANK1              bssBANK1     00A0
__pcstackBANK0           cstackBANK0  004C
__pcstackCOMMON          cstackCOMMON 0070
__pfunctab               functab      0024
__pintentry              intentry     0004
__pmaintext              maintext     002D
__pnvBANK0               nvBANK0      006B
__pstrings               strings      0300
__ptext1                 text1        05F4
__ptext10                text10       0683
__ptext11                text11       0172
__ptext12                text12       0713
__ptext13                text13       0585
__ptext14                text14       0541
__ptext15                text15       03EE
__ptext16                text16       0701
__ptext17                text17       061D
__ptext18                text18       0663
__ptext2                 text2        0642
__ptext3                 text3        05C1
__ptext4                 text4        04DA
__ptext5                 text5        06EC
__ptext6                 text6        0471
__ptext7                 text7        069E
__ptext8                 text8        06B8
__ptext9                 text9        06D2
__size_of___awdiv        (abs)        0000
__size_of___bmul         (abs)        0000
__size_of___lwdiv        (abs)        0000
__size_of___lwmod        (abs)        0000
__size_of___wmul         (abs)        0000
__size_of__doprnt        (abs)        0000
__size_of__fptable       (abs)        0000
__size_of_atoi           (abs)        0000
__size_of_def            (abs)        0000
__size_of_def1           (abs)        0000
__size_of_def2           (abs)        0000
__size_of_division       (abs)        0000
__size_of_isdigit        (abs)        0000
__size_of_isr            (abs)        0000
__size_of_main           (abs)        0000
__size_of_printf         (abs)        0000
__size_of_putch          (abs)        0000
__size_of_setup          (abs)        0000
__size_of_sprintf        (abs)        0000
__size_of_strcat         (abs)        0000
__stringbase             strings      0305
__stringtab              strings      0300
_atoi                    text15       03EE
_centenas                nvBANK0      006D
_decenas                 nvBANK0      006C
_def                     text9        06D2
_def1                    text8        06B8
_def2                    text7        069E
_division                text4        04DA
_dpowers                 strings      0306
_isdigit                 text16       0701
_isdigit$879             cstackCOMMON 0073
_isr                     text18       0663
_main                    maintext     002D
_printf                  text10       0683
_putch                   text12       0713
_setup                   text3        05C1
_sprintf                 text2        0642
_strcat                  text1        05F4
_unidades                nvBANK0      006B
_v1                      bssBANK0     0038
_v2                      bssBANK0     0024
_v3                      bssBANK1     00A0
atoi@a                   cstackBANK0  004F
atoi@s                   cstackBANK0  0051
atoi@sign                cstackBANK0  004E
btemp                    (abs)        007E
clear_ram0               clrtext      071C
division@val             cstackBANK0  0051
division@variable        cstackBANK0  0050
end_of_initialization    cinit        0020
fpbase                   functab      0029
fptable                  functab      0024
fptotal                  (abs)        0002
interrupt_function       intentry     0004
intlevel0                functab      0024
intlevel1                functab      0024
intlevel2                functab      0024
intlevel3                functab      0024
intlevel4                functab      0024
intlevel5                functab      0024
isdigit@c                cstackCOMMON 0074
main@com                 cstackBANK0  0069
printf@ap                cstackBANK0  005F
printf@f                 cstackBANK0  0060
printf@pb                cstackBANK0  0061
putch@info               cstackCOMMON 0073
reset_vec                reset_vec    0000
saved_w                  (abs)        007E
sprintf@ap               cstackBANK0  0062
sprintf@f                cstackBANK0  005D
sprintf@pb               cstackBANK0  0064
sprintf@wh               cstackBANK0  0063
start                    init         000C
start_initialization     cinit        000F
strcat@cp                cstackCOMMON 0076
strcat@from              cstackCOMMON 0073
strcat@to                cstackCOMMON 0075
wtemp0                   (abs)        007E


FUNCTION INFORMATION:

 *************** function _main *****************
 Defined at:
		line 85 in file "lab5_D2.c"
 Parameters:    Size  Location     Type
		None
 Auto vars:     Size  Location     Type
  com             2   29[BANK0 ] int 
 Return value:  Size  Location     Type
                  1    wreg      void 
 Registers used:
		wreg, fsr0l, fsr0h, status,2, status,0, btemp+1, pclath, cstack
 Tracked objects:
		On entry : 
		On exit  : 
		Unchanged: 
 Data sizes:     COMMON   BANK0   BANK1   BANK3   BANK2
      Params:         0       0       0       0       0
      Locals:         0       2       0       0       0
      Temps:          0       3       0       0       0
      Totals:         0       5       0       0       0
Total ram usage:        5 bytes
 Hardware stack levels required when called:    5
 This function calls:
		_atoi
		_def
		_def1
		_def2
		_division
		_printf
		_setup
		_sprintf
		_strcat
 This function is called by:
		Startup code after reset
 This function uses a non-reentrant model


 *************** function _strcat *****************
 Defined at:
		line 8 in file "C:\Program Files\Microchip\xc8\v2.31\pic\sources\c90\common\strcat.c"
 Parameters:    Size  Location     Type
  to              1    wreg     PTR unsigned char 
		 -> v1(20), 
  from            1    3[COMMON] PTR const unsigned char 
		 -> v3(20), v2(20), 
 Auto vars:     Size  Location     Type
  to              1    5[COMMON] PTR unsigned char 
		 -> v1(20), 
  cp              1    6[COMMON] PTR unsigned char 
		 -> v1(20), 
 Return value:  Size  Location     Type
                  1    wreg      PTR unsigned char 
 Registers used:
		wreg, fsr0l, fsr0h, status,2, status,0
 Tracked objects:
		On entry : 
		On exit  : 
		Unchanged: 
 Data sizes:     COMMON   BANK0   BANK1   BANK3   BANK2
      Params:         1       0       0       0       0
      Locals:         2       0       0       0       0
      Temps:          1       0       0       0       0
      Totals:         4       0       0       0       0
Total ram usage:        4 bytes
 Hardware stack levels used:    1
 Hardware stack levels required when called:    1
 This function calls:
		Nothing
 This function is called by:
		_main
 This function uses a non-reentrant model


 *************** function _sprintf *****************
 Defined at:
		line 13 in file "C:\Program Files\Microchip\xc8\v2.31\pic\sources\c90\common\sprintf.c"
 Parameters:    Size  Location     Type
  wh              1    wreg     PTR unsigned char 
		 -> v3(20), v2(20), v1(20), 
  f               1   17[BANK0 ] PTR const unsigned char 
		 -> STR_7(3), STR_6(3), STR_5(3), 
 Auto vars:     Size  Location     Type
  wh              1   23[BANK0 ] PTR unsigned char 
		 -> v3(20), v2(20), v1(20), 
  pb              2   24[BANK0 ] struct __prbuf
  ap              1   22[BANK0 ] PTR void [1]
		 -> ?_sprintf(2), ?_printf(2), 
 Return value:  Size  Location     Type
                  2   17[BANK0 ] int 
 Registers used:
		wreg, fsr0l, fsr0h, status,2, status,0, btemp+1, pclath, cstack
 Tracked objects:
		On entry : 
		On exit  : 
		Unchanged: 
 Data sizes:     COMMON   BANK0   BANK1   BANK3   BANK2
      Params:         0       3       0       0       0
      Locals:         0       4       0       0       0
      Temps:          0       2       0       0       0
      Totals:         0       9       0       0       0
Total ram usage:        9 bytes
 Hardware stack levels used:    1
 Hardware stack levels required when called:    3
 This function calls:
		__doprnt
 This function is called by:
		_main
 This function uses a non-reentrant model


 *************** function _setup *****************
 Defined at:
		line 157 in file "lab5_D2.c"
 Parameters:    Size  Location     Type
		None
 Auto vars:     Size  Location     Type
		None
 Return value:  Size  Location     Type
                  1    wreg      void 
 Registers used:
		wreg, status,2
 Tracked objects:
		On entry : 
		On exit  : 
		Unchanged: 
 Data sizes:     COMMON   BANK0   BANK1   BANK3   BANK2
      Params:         0       0       0       0       0
      Locals:         0       0       0       0       0
      Temps:          0       0       0       0       0
      Totals:         0       0       0       0       0
Total ram usage:        0 bytes
 Hardware stack levels used:    1
 Hardware stack levels required when called:    1
 This function calls:
		Nothing
 This function is called by:
		_main
 This function uses a non-reentrant model


 *************** function _division *****************
 Defined at:
		line 210 in file "lab5_D2.c"
 Parameters:    Size  Location     Type
  variable        1    wreg     unsigned char 
 Auto vars:     Size  Location     Type
  variable        1    4[BANK0 ] unsigned char 
  val             1    5[BANK0 ] unsigned char 
 Return value:  Size  Location     Type
                  1    wreg      void 
 Registers used:
		wreg, status,2, status,0, pclath, cstack
 Tracked objects:
		On entry : 
		On exit  : 
		Unchanged: 
 Data sizes:     COMMON   BANK0   BANK1   BANK3   BANK2
      Params:         0       0       0       0       0
      Locals:         0       2       0       0       0
      Temps:          3       0       0       0       0
      Totals:         3       2       0       0       0
Total ram usage:        5 bytes
 Hardware stack levels used:    1
 Hardware stack levels required when called:    2
 This function calls:
		___awdiv
		___bmul
 This function is called by:
		_main
 This function uses a non-reentrant model


 *************** function ___bmul *****************
 Defined at:
		line 4 in file "C:\Program Files\Microchip\xc8\v2.31\pic\sources\c90\common\Umul8.c"
 Parameters:    Size  Location     Type
  multiplier      1    wreg     unsigned char 
  multiplicand    1    3[COMMON] unsigned char 
 Auto vars:     Size  Location     Type
  multiplier      1    6[COMMON] unsigned char 
  product         1    5[COMMON] unsigned char 
 Return value:  Size  Location     Type
                  1    wreg      unsigned char 
 Registers used:
		wreg, status,2, status,0
 Tracked objects:
		On entry : 
		On exit  : 
		Unchanged: 
 Data sizes:     COMMON   BANK0   BANK1   BANK3   BANK2
      Params:         1       0       0       0       0
      Locals:         2       0       0       0       0
      Temps:          1       0       0       0       0
      Totals:         4       0       0       0       0
Total ram usage:        4 bytes
 Hardware stack levels used:    1
 Hardware stack levels required when called:    1
 This function calls:
		Nothing
 This function is called by:
		_division
 This function uses a non-reentrant model


 *************** function ___awdiv *****************
 Defined at:
		line 5 in file "C:\Program Files\Microchip\xc8\v2.31\pic\sources\c90\common\awdiv.c"
 Parameters:    Size  Location     Type
  divisor         2    3[COMMON] int 
  dividend        2    5[COMMON] int 
 Auto vars:     Size  Location     Type
  quotient        2    2[BANK0 ] int 
  sign            1    1[BANK0 ] unsigned char 
  counter         1    0[BANK0 ] unsigned char 
 Return value:  Size  Location     Type
                  2    3[COMMON] int 
 Registers used:
		wreg, status,2, status,0
 Tracked objects:
		On entry : 
		On exit  : 
		Unchanged: 
 Data sizes:     COMMON   BANK0   BANK1   BANK3   BANK2
      Params:         4       0       0       0       0
      Locals:         0       4       0       0       0
      Temps:          1       0       0       0       0
      Totals:         5       4       0       0       0
Total ram usage:        9 bytes
 Hardware stack levels used:    1
 Hardware stack levels required when called:    1
 This function calls:
		Nothing
 This function is called by:
		_division
 This function uses a non-reentrant model


 *************** function _def2 *****************
 Defined at:
		line 239 in file "lab5_D2.c"
 Parameters:    Size  Location     Type
		None
 Auto vars:     Size  Location     Type
		None
 Return value:  Size  Location     Type
                  1    wreg      void 
 Registers used:
		wreg, fsr0l, fsr0h, status,2, status,0, btemp+1, pclath, cstack
 Tracked objects:
		On entry : 
		On exit  : 
		Unchanged: 
 Data sizes:     COMMON   BANK0   BANK1   BANK3   BANK2
      Params:         0       0       0       0       0
      Locals:         0       0       0       0       0
      Temps:          0       1       0       0       0
      Totals:         0       1       0       0       0
Total ram usage:        1 bytes
 Hardware stack levels used:    1
 Hardware stack levels required when called:    4
 This function calls:
		_printf
 This function is called by:
		_main
 This function uses a non-reentrant model


 *************** function _def1 *****************
 Defined at:
		line 231 in file "lab5_D2.c"
 Parameters:    Size  Location     Type
		None
 Auto vars:     Size  Location     Type
		None
 Return value:  Size  Location     Type
                  1    wreg      void 
 Registers used:
		wreg, fsr0l, fsr0h, status,2, status,0, btemp+1, pclath, cstack
 Tracked objects:
		On entry : 
		On exit  : 
		Unchanged: 
 Data sizes:     COMMON   BANK0   BANK1   BANK3   BANK2
      Params:         0       0       0       0       0
      Locals:         0       0       0       0       0
      Temps:          0       1       0       0       0
      Totals:         0       1       0       0       0
Total ram usage:        1 bytes
 Hardware stack levels used:    1
 Hardware stack levels required when called:    4
 This function calls:
		_printf
 This function is called by:
		_main
 This function uses a non-reentrant model


 *************** function _def *****************
 Defined at:
		line 223 in file "lab5_D2.c"
 Parameters:    Size  Location     Type
		None
 Auto vars:     Size  Location     Type
		None
 Return value:  Size  Location     Type
                  1    wreg      void 
 Registers used:
		wreg, fsr0l, fsr0h, status,2, status,0, btemp+1, pclath, cstack
 Tracked objects:
		On entry : 
		On exit  : 
		Unchanged: 
 Data sizes:     COMMON   BANK0   BANK1   BANK3   BANK2
      Params:         0       0       0       0       0
      Locals:         0       0       0       0       0
      Temps:          0       1       0       0       0
      Totals:         0       1       0       0       0
Total ram usage:        1 bytes
 Hardware stack levels used:    1
 Hardware stack levels required when called:    4
 This function calls:
		_printf
 This function is called by:
		_main
 This function uses a non-reentrant model


 *************** function _printf *****************
 Defined at:
		line 13 in file "C:\Program Files\Microchip\xc8\v2.31\pic\sources\c90\common\printf.c"
 Parameters:    Size  Location     Type
  f               1    wreg     PTR const unsigned char 
		 -> STR_10(39), STR_9(39), STR_8(37), STR_4(29), 
		 -> STR_3(29), STR_2(52), STR_1(33), 
 Auto vars:     Size  Location     Type
  f               1   20[BANK0 ] PTR const unsigned char 
		 -> STR_10(39), STR_9(39), STR_8(37), STR_4(29), 
		 -> STR_3(29), STR_2(52), STR_1(33), 
  pb              2   21[BANK0 ] struct __prbuf
  ap              1   19[BANK0 ] PTR void [1]
		 -> ?_sprintf(2), ?_printf(2), 
 Return value:  Size  Location     Type
                  2   16[None  ] int 
 Registers used:
		wreg, fsr0l, fsr0h, status,2, status,0, btemp+1, pclath, cstack
 Tracked objects:
		On entry : 
		On exit  : 
		Unchanged: 
 Data sizes:     COMMON   BANK0   BANK1   BANK3   BANK2
      Params:         0       0       0       0       0
      Locals:         0       4       0       0       0
      Temps:          0       2       0       0       0
      Totals:         0       6       0       0       0
Total ram usage:        6 bytes
 Hardware stack levels used:    1
 Hardware stack levels required when called:    3
 This function calls:
		__doprnt
 This function is called by:
		_main
		_def
		_def1
		_def2
 This function uses a non-reentrant model


 *************** function __doprnt *****************
 Defined at:
		line 471 in file "C:\Program Files\Microchip\xc8\v2.31\pic\sources\c90\common\doprnt.c"
 Parameters:    Size  Location     Type
  pb              1    wreg     PTR struct __prbuf
		 -> sprintf@pb(2), printf@pb(2), 
  f               1    6[BANK0 ] PTR const unsigned char 
		 -> STR_10(39), STR_9(39), STR_8(37), STR_7(3), 
		 -> STR_6(3), STR_5(3), STR_4(29), STR_3(29), 
		 -> STR_2(52), STR_1(33), 
  ap              1    7[BANK0 ] PTR PTR void 
		 -> sprintf@ap(1), printf@ap(1), 
 Auto vars:     Size  Location     Type
  pb              1   16[BANK0 ] PTR struct __prbuf
		 -> sprintf@pb(2), printf@pb(2), 
  tmpval          4    0        struct .
  val             2   13[BANK0 ] unsigned int 
  cp              2    0        PTR const unsigned char 
  len             2    0        unsigned int 
  c               1   15[BANK0 ] unsigned char 
  prec            1   12[BANK0 ] char 
  flag            1   11[BANK0 ] unsigned char 
 Return value:  Size  Location     Type
                  2    6[BANK0 ] int 
 Registers used:
		wreg, fsr0l, fsr0h, status,2, status,0, btemp+1, pclath, cstack
 Tracked objects:
		On entry : 
		On exit  : 
		Unchanged: 
 Data sizes:     COMMON   BANK0   BANK1   BANK3   BANK2
      Params:         0       2       0       0       0
      Locals:         0       6       0       0       0
      Temps:          0       3       0       0       0
      Totals:         0      11       0       0       0
Total ram usage:       11 bytes
 Hardware stack levels used:    1
 Hardware stack levels required when called:    2
 This function calls:
		Absolute function
		___lwdiv
		___lwmod
		_putch
 This function is called by:
		_printf
		_sprintf
 This function uses a non-reentrant model


 *************** function _putch *****************
 Defined at:
		line 205 in file "lab5_D2.c"
 Parameters:    Size  Location     Type
  info            1    3[COMMON] unsigned char 
 Auto vars:     Size  Location     Type
		None
 Return value:  Size  Location     Type
                  1    wreg      void 
 Registers used:
		wreg
 Tracked objects:
		On entry : 
		On exit  : 
		Unchanged: 
 Data sizes:     COMMON   BANK0   BANK1   BANK3   BANK2
      Params:         1       0       0       0       0
      Locals:         0       0       0       0       0
      Temps:          0       0       0       0       0
      Totals:         1       0       0       0       0
Total ram usage:        1 bytes
 Hardware stack levels used:    1
 Hardware stack levels required when called:    1
 This function calls:
		Nothing
 This function is called by:
		_printf
		__doprnt
 This function uses a non-reentrant model


 *************** function ___lwmod *****************
 Defined at:
		line 5 in file "C:\Program Files\Microchip\xc8\v2.31\pic\sources\c90\common\lwmod.c"
 Parameters:    Size  Location     Type
  divisor         2    0[BANK0 ] unsigned int 
  dividend        2    2[BANK0 ] unsigned int 
 Auto vars:     Size  Location     Type
  counter         1    5[BANK0 ] unsigned char 
 Return value:  Size  Location     Type
                  2    0[BANK0 ] unsigned int 
 Registers used:
		wreg, status,2, status,0
 Tracked objects:
		On entry : 
		On exit  : 
		Unchanged: 
 Data sizes:     COMMON   BANK0   BANK1   BANK3   BANK2
      Params:         0       4       0       0       0
      Locals:         0       1       0       0       0
      Temps:          0       1       0       0       0
      Totals:         0       6       0       0       0
Total ram usage:        6 bytes
 Hardware stack levels used:    1
 Hardware stack levels required when called:    1
 This function calls:
		Nothing
 This function is called by:
		__doprnt
 This function uses a non-reentrant model


 *************** function ___lwdiv *****************
 Defined at:
		line 5 in file "C:\Program Files\Microchip\xc8\v2.31\pic\sources\c90\common\lwdiv.c"
 Parameters:    Size  Location     Type
  divisor         2    3[COMMON] unsigned int 
  dividend        2    5[COMMON] unsigned int 
 Auto vars:     Size  Location     Type
  quotient        2    8[COMMON] unsigned int 
  counter         1   10[COMMON] unsigned char 
 Return value:  Size  Location     Type
                  2    3[COMMON] unsigned int 
 Registers used:
		wreg, status,2, status,0
 Tracked objects:
		On entry : 
		On exit  : 
		Unchanged: 
 Data sizes:     COMMON   BANK0   BANK1   BANK3   BANK2
      Params:         4       0       0       0       0
      Locals:         3       0       0       0       0
      Temps:          1       0       0       0       0
      Totals:         8       0       0       0       0
Total ram usage:        8 bytes
 Hardware stack levels used:    1
 Hardware stack levels required when called:    1
 This function calls:
		Nothing
 This function is called by:
		__doprnt
 This function uses a non-reentrant model


 *************** function _atoi *****************
 Defined at:
		line 5 in file "C:\Program Files\Microchip\xc8\v2.31\pic\sources\c90\common\atoi.c"
 Parameters:    Size  Location     Type
  s               1    wreg     PTR const unsigned char 
		 -> v1(20), 
 Auto vars:     Size  Location     Type
  s               1    5[BANK0 ] PTR const unsigned char 
		 -> v1(20), 
  a               2    3[BANK0 ] int 
  sign            1    2[BANK0 ] unsigned char 
 Return value:  Size  Location     Type
                  2    9[COMMON] int 
 Registers used:
		wreg, fsr0l, fsr0h, status,2, status,0, pclath, cstack
 Tracked objects:
		On entry : 
		On exit  : 
		Unchanged: 
 Data sizes:     COMMON   BANK0   BANK1   BANK3   BANK2
      Params:         2       0       0       0       0
      Locals:         0       4       0       0       0
      Temps:          0       2       0       0       0
      Totals:         2       6       0       0       0
Total ram usage:        8 bytes
 Hardware stack levels used:    1
 Hardware stack levels required when called:    2
 This function calls:
		___wmul
		_isdigit
 This function is called by:
		_main
 This function uses a non-reentrant model


 *************** function _isdigit *****************
 Defined at:
		line 8 in file "C:\Program Files\Microchip\xc8\v2.31\pic\sources\c90\common\isdigit.c"
 Parameters:    Size  Location     Type
  c               1    wreg     unsigned char 
 Auto vars:     Size  Location     Type
  c               1    4[COMMON] unsigned char 
 Return value:  Size  Location     Type
		None               void
 Registers used:
		wreg, status,2, status,0
 Tracked objects:
		On entry : 
		On exit  : 
		Unchanged: 
 Data sizes:     COMMON   BANK0   BANK1   BANK3   BANK2
      Params:         0       0       0       0       0
      Locals:         2       0       0       0       0
      Temps:          0       0       0       0       0
      Totals:         2       0       0       0       0
Total ram usage:        2 bytes
 Hardware stack levels used:    1
 Hardware stack levels required when called:    1
 This function calls:
		Nothing
 This function is called by:
		_atoi
 This function uses a non-reentrant model


 *************** function ___wmul *****************
 Defined at:
		line 15 in file "C:\Program Files\Microchip\xc8\v2.31\pic\sources\c90\common\Umul16.c"
 Parameters:    Size  Location     Type
  multiplier      2    3[COMMON] unsigned int 
  multiplicand    2    5[COMMON] unsigned int 
 Auto vars:     Size  Location     Type
  product         2    7[COMMON] unsigned int 
 Return value:  Size  Location     Type
                  2    3[COMMON] unsigned int 
 Registers used:
		wreg, status,2, status,0
 Tracked objects:
		On entry : 
		On exit  : 
		Unchanged: 
 Data sizes:     COMMON   BANK0   BANK1   BANK3   BANK2
      Params:         4       0       0       0       0
      Locals:         2       0       0       0       0
      Temps:          0       0       0       0       0
      Totals:         6       0       0       0       0
Total ram usage:        6 bytes
 Hardware stack levels used:    1
 Hardware stack levels required when called:    1
 This function calls:
		Nothing
 This function is called by:
		_atoi
 This function uses a non-reentrant model


 *************** function _isr *****************
 Defined at:
		line 68 in file "lab5_D2.c"
 Parameters:    Size  Location     Type
		None
 Auto vars:     Size  Location     Type
		None
 Return value:  Size  Location     Type
                  1    wreg      void 
 Registers used:
		wreg, status,2, status,0
 Tracked objects:
		On entry : 
		On exit  : 
		Unchanged: 
 Data sizes:     COMMON   BANK0   BANK1   BANK3   BANK2
      Params:         0       0       0       0       0
      Locals:         0       0       0       0       0
      Temps:          3       0       0       0       0
      Totals:         3       0       0       0       0
Total ram usage:        3 bytes
 Hardware stack levels used:    1
 This function calls:
		Nothing
 This function is called by:
		Interrupt level 1
 This function uses a non-reentrant model



MODULE INFORMATION

Module		Function		Class		Link	Load	Size
C:\Program Files\Microchip\xc8\v2.31\pic\sources\c90\common\doprnt.c
		__doprnt       		CODE           	0172	0000	310

C:\Program Files\Microchip\xc8\v2.31\pic\sources\c90\common\doprnt.c estimated size: 310

C:\Program Files\Microchip\xc8\v2.31\pic\sources\c90\common\lwmod.c
		___lwmod       		CODE           	0585	0000	60

C:\Program Files\Microchip\xc8\v2.31\pic\sources\c90\common\lwmod.c estimated size: 60

C:\Program Files\Microchip\xc8\v2.31\pic\sources\c90\common\Umul16.c
		___wmul        		CODE           	061D	0000	37

C:\Program Files\Microchip\xc8\v2.31\pic\sources\c90\common\Umul16.c estimated size: 37

C:\Program Files\Microchip\xc8\v2.31\pic\sources\c90\common\isdigit.c
		_isdigit       		CODE           	0701	0000	18

C:\Program Files\Microchip\xc8\v2.31\pic\sources\c90\common\isdigit.c estimated size: 18

C:\Program Files\Microchip\xc8\v2.31\pic\sources\c90\common\atoi.c
		_atoi          		CODE           	03EE	0000	131

C:\Program Files\Microchip\xc8\v2.31\pic\sources\c90\common\atoi.c estimated size: 131

C:\Program Files\Microchip\xc8\v2.31\pic\sources\c90\common\strcat.c
		_strcat        		CODE           	05F4	0000	41

C:\Program Files\Microchip\xc8\v2.31\pic\sources\c90\common\strcat.c estimated size: 41

C:\Program Files\Microchip\xc8\v2.31\pic\sources\c90\common\sprintf.c
		_sprintf       		CODE           	0642	0000	33

C:\Program Files\Microchip\xc8\v2.31\pic\sources\c90\common\sprintf.c estimated size: 33

C:\Program Files\Microchip\xc8\v2.31\pic\sources\c90\common\lwdiv.c
		___lwdiv       		CODE           	0541	0000	68

C:\Program Files\Microchip\xc8\v2.31\pic\sources\c90\common\lwdiv.c estimated size: 68

C:\Program Files\Microchip\xc8\v2.31\pic\sources\c90\common\awdiv.c
		___awdiv       		CODE           	0471	0000	105

C:\Program Files\Microchip\xc8\v2.31\pic\sources\c90\common\awdiv.c estimated size: 105

shared
		__stringtab    		STRING         	0300	0000	6
		_dpowers       		STRING         	0306	0000	10
		__initialization		CODE           	000F	0000	17
		__fptable      		ENTRY          	0024	0000	9

shared estimated size: 42

C:\Program Files\Microchip\xc8\v2.31\pic\sources\c90\common\printf.c
		_printf        		CODE           	0683	0000	27

C:\Program Files\Microchip\xc8\v2.31\pic\sources\c90\common\printf.c estimated size: 27

C:\Program Files\Microchip\xc8\v2.31\pic\sources\c90\common\Umul8.c
		___bmul        		CODE           	06EC	0000	21

C:\Program Files\Microchip\xc8\v2.31\pic\sources\c90\common\Umul8.c estimated size: 21

lab5_D2.c
		_putch         		CODE           	0713	0000	9
		_main          		CODE           	002D	0000	325
		_isr           		CODE           	0663	0000	32
		_def           		CODE           	06D2	0000	26
		_division      		CODE           	04DA	0000	103
		_setup         		CODE           	05C1	0000	51
		_def1          		CODE           	06B8	0000	26
		_def2          		CODE           	069E	0000	26

lab5_D2.c estimated size: 598

