******************************************************************************
                  TI ARM Linker PC v20.2.5                     
******************************************************************************
>> Linked Thu Nov  4 22:59:23 2021

OUTPUT FILE NAME:   <lab9.out>
ENTRY POINT SYMBOL: "_c_int00_noargs"  address: 000009b1


MEMORY CONFIGURATION

         name            origin    length      used     unused   attr    fill
----------------------  --------  ---------  --------  --------  ----  --------
  FLASH                 00000000   00040000  00000c1e  0003f3e2  R  X
  SRAM                  20000000   00008000  00000208  00007df8  RW X


SEGMENT ALLOCATION MAP

run origin  load origin   length   init length attrs members
----------  ----------- ---------- ----------- ----- -------
00000000    00000000    00000c20   00000c20    r-x
  00000000    00000000    0000026c   0000026c    r-- .intvecs
  0000026c    0000026c    000008a6   000008a6    r-x .text
  00000b14    00000b14    000000dc   000000dc    r-- .const
  00000bf0    00000bf0    00000030   00000030    r-- .cinit
20000000    20000000    00000208   00000000    rw-
  20000000    20000000    00000200   00000000    rw- .stack
  20000200    20000200    00000004   00000000    rw- .bss
  20000204    20000204    00000004   00000000    rw- .data


SECTION ALLOCATION MAP

 output                                  attributes/
section   page    origin      length       input sections
--------  ----  ----------  ----------   ----------------
.intvecs   0    00000000    0000026c     
                  00000000    0000026c     tm4c123gh6pm_startup_ccs.obj (.intvecs)

.text      0    0000026c    000008a6     
                  0000026c    000001c8     main.obj (.text)
                  00000434    00000132     driverlib.lib : gpio.obj (.text:GPIOPadConfigSet)
                  00000566    00000002     --HOLE-- [fill = 0]
                  00000568    00000110                   : sysctl.obj (.text:SysCtlClockGet)
                  00000678    000000f4                   : sysctl.obj (.text:SysCtlClockSet)
                  0000076c    0000009c     rtsv7M4_T_le_v4SPD16_eabi.lib : memcpy_t2.asm.obj (.text)
                  00000808    00000068     driverlib.lib : interrupt.obj (.text:IntEnable)
                  00000870    00000068     rtsv7M4_T_le_v4SPD16_eabi.lib : copy_decompress_lzss.c.obj (.text:decompress:lzss:__TI_decompress_lzss)
                  000008d8    00000060     driverlib.lib : timer.obj (.text:TimerConfigure)
                  00000938    00000044     rtsv7M4_T_le_v4SPD16_eabi.lib : autoinit.c.obj (.text:__TI_auto_init_nobinit_nopinit:__TI_auto_init_nobinit_nopinit)
                  0000097c    00000034     driverlib.lib : sysctl.obj (.text:SysCtlPeripheralEnable)
                  000009b0    00000034     rtsv7M4_T_le_v4SPD16_eabi.lib : boot_cortex_m.c.obj (.text:_c_int00_noargs:_c_int00_noargs)
                  000009e4    0000002a     driverlib.lib : gpio.obj (.text:GPIODirModeSet)
                  00000a0e    0000001c     rtsv7M4_T_le_v4SPD16_eabi.lib : copy_zero_init.c.obj (.text:decompress:ZI:__TI_zero_init_nomemset:__TI_zero_init_nomemset)
                  00000a2a    00000018     driverlib.lib : gpio.obj (.text:GPIOPinTypeGPIOOutput)
                  00000a42    00000002     --HOLE-- [fill = 0]
                  00000a44    00000018                   : timer.obj (.text:TimerDisable)
                  00000a5c    00000014                   : systick.obj (.text:SysTickDisable)
                  00000a70    00000014                   : systick.obj (.text:SysTickEnable)
                  00000a84    00000012                   : timer.obj (.text:TimerLoadSet)
                  00000a96    00000010                   : interrupt.obj (.text:IntMasterEnable)
                  00000aa6    00000002     --HOLE-- [fill = 0]
                  00000aa8    00000010                   : systick.obj (.text:SysTickPeriodSet)
                  00000ab8    0000000e                   : timer.obj (.text:TimerEnable)
                  00000ac6    0000000e     rtsv7M4_T_le_v4SPD16_eabi.lib : copy_decompress_none.c.obj (.text:decompress:none:__TI_decompress_none)
                  00000ad4    0000000c     driverlib.lib : cpu.obj (.text:CPUcpsie)
                  00000ae0    0000000c     tm4c123gh6pm_startup_ccs.obj (.text)
                  00000aec    00000008     driverlib.lib : timer.obj (.text:TimerIntEnable)
                  00000af4    00000006                   : gpio.obj (.text:GPIOPinRead)
                  00000afa    00000006                   : gpio.obj (.text:GPIOPinWrite)
                  00000b00    00000006                   : sysctl.obj (.text:SysCtlDelay)
                  00000b06    00000004                   : timer.obj (.text:TimerIntClear)
                  00000b0a    00000004     rtsv7M4_T_le_v4SPD16_eabi.lib : pre_init.c.obj (.text:_system_pre_init)
                  00000b0e    00000004                                   : exit.c.obj (.text:abort:abort)

.const     0    00000b14    000000dc     
                  00000b14    00000070     driverlib.lib : interrupt.obj (.const)
                  00000b84    0000006c                   : sysctl.obj (.const:g_pui32Xtals)

.cinit     0    00000bf0    00000030     
                  00000bf0    0000000c     (__TI_handler_table)
                  00000bfc    00000004     --HOLE-- [fill = 0]
                  00000c00    00000008     (.cinit..bss.load) [load image, compression = zero_init]
                  00000c08    00000007     (.cinit..data.load) [load image, compression = lzss]
                  00000c0f    00000001     --HOLE-- [fill = 0]
                  00000c10    00000010     (__TI_cinit_table)

.init_array 
*          0    00000000    00000000     UNINITIALIZED

.bss       0    20000200    00000004     UNINITIALIZED
                  20000200    00000004     (.common:ui32Period)

.data      0    20000204    00000004     UNINITIALIZED
                  20000204    00000004     main.obj (.data)

.stack     0    20000000    00000200     UNINITIALIZED
                  20000000    00000004     rtsv7M4_T_le_v4SPD16_eabi.lib : boot_cortex_m.c.obj (.stack)
                  20000004    000001fc     --HOLE--

__llvm_prf_cnts 
*          0    20000000    00000000     UNINITIALIZED

MODULE SUMMARY

       Module                         code   ro data   rw data
       ------                         ----   -------   -------
    .\
       tm4c123gh6pm_startup_ccs.obj   12     620       0      
       main.obj                       456    0         8      
    +--+------------------------------+------+---------+---------+
       Total:                         468    620       8      
                                                              
    C:/ti/TivaWare_C_Series-2.1.4.178/driverlib/ccs/Debug/driverlib.lib
       sysctl.obj                     574    108       0      
       gpio.obj                       384    0         0      
       interrupt.obj                  120    112       0      
       timer.obj                      164    0         0      
       systick.obj                    56     0         0      
       cpu.obj                        12     0         0      
    +--+------------------------------+------+---------+---------+
       Total:                         1310   220       0      
                                                              
    C:\ti\ccs1100\ccs\tools\compiler\ti-cgt-arm_20.2.5.LTS\lib\rtsv7M4_T_le_v4SPD16_eabi.lib
       memcpy_t2.asm.obj              156    0         0      
       copy_decompress_lzss.c.obj     104    0         0      
       autoinit.c.obj                 68     0         0      
       boot_cortex_m.c.obj            52     0         0      
       copy_zero_init.c.obj           28     0         0      
       copy_decompress_none.c.obj     14     0         0      
       exit.c.obj                     4      0         0      
       pre_init.c.obj                 4      0         0      
    +--+------------------------------+------+---------+---------+
       Total:                         430    0         0      
                                                              
       Stack:                         0      0         512    
       Linker Generated:              0      43        0      
    +--+------------------------------+------+---------+---------+
       Grand Total:                   2208   883       520    


LINKER GENERATED COPY TABLES

__TI_cinit_table @ 00000c10 records: 2, size/record: 8, table size: 16
	.bss: load addr=00000c00, load size=00000008 bytes, run addr=20000200, run size=00000004 bytes, compression=zero_init
	.data: load addr=00000c08, load size=00000007 bytes, run addr=20000204, run size=00000004 bytes, compression=lzss


LINKER GENERATED HANDLER TABLE

__TI_handler_table @ 00000bf0 records: 3, size/record: 4, table size: 12
	index: 0, handler: __TI_decompress_lzss
	index: 1, handler: __TI_decompress_none
	index: 2, handler: __TI_zero_init


GLOBAL SYMBOLS: SORTED ALPHABETICALLY BY Name 

address   name                          
-------   ----                          
00000b0f  C$$EXIT                       
00000ad5  CPUcpsie                      
000009e5  GPIODirModeSet                
00000435  GPIOPadConfigSet              
00000af5  GPIOPinRead                   
00000a2b  GPIOPinTypeGPIOOutput         
00000afb  GPIOPinWrite                  
00000809  IntEnable                     
00000a97  IntMasterEnable               
00000ae1  ResetISR                      
00000569  SysCtlClockGet                
00000679  SysCtlClockSet                
00000b01  SysCtlDelay                   
0000097d  SysCtlPeripheralEnable        
00000a5d  SysTickDisable                
00000a71  SysTickEnable                 
00000aa9  SysTickPeriodSet              
000003e9  Timer0IntHandler              
000008d9  TimerConfigure                
00000a45  TimerDisable                  
00000ab9  TimerEnable                   
00000b07  TimerIntClear                 
00000aed  TimerIntEnable                
00000a85  TimerLoadSet                  
20000200  __STACK_END                   
00000200  __STACK_SIZE                  
20000200  __STACK_TOP                   
00000c10  __TI_CINIT_Base               
00000c20  __TI_CINIT_Limit              
00000bf0  __TI_Handler_Table_Base       
00000bfc  __TI_Handler_Table_Limit      
00000939  __TI_auto_init_nobinit_nopinit
00000871  __TI_decompress_lzss          
00000ac7  __TI_decompress_none          
ffffffff  __TI_pprof_out_hndl           
ffffffff  __TI_prof_data_size           
ffffffff  __TI_prof_data_start          
00000000  __TI_static_base__            
00000a0f  __TI_zero_init_nomemset       
0000076d  __aeabi_memcpy                
0000076d  __aeabi_memcpy4               
0000076d  __aeabi_memcpy8               
ffffffff  __binit__                     
ffffffff  __c_args__                    
UNDEFED   __mpu_init                    
20000000  __stack                       
20000000  __start___llvm_prf_cnts       
20000000  __stop___llvm_prf_cnts        
000009b1  _c_int00_noargs               
UNDEFED   _system_post_cinit            
00000b0b  _system_pre_init              
00000b0f  abort                         
ffffffff  binit                         
000003a1  delay                         
000003cd  delay1ms                      
00000000  g_pfnVectors                  
20000204  i                             
0000026d  main                          
0000076d  memcpy                        
20000200  ui32Period                    


GLOBAL SYMBOLS: SORTED BY Symbol Address 

address   name                          
-------   ----                          
00000000  __TI_static_base__            
00000000  g_pfnVectors                  
00000200  __STACK_SIZE                  
0000026d  main                          
000003a1  delay                         
000003cd  delay1ms                      
000003e9  Timer0IntHandler              
00000435  GPIOPadConfigSet              
00000569  SysCtlClockGet                
00000679  SysCtlClockSet                
0000076d  __aeabi_memcpy                
0000076d  __aeabi_memcpy4               
0000076d  __aeabi_memcpy8               
0000076d  memcpy                        
00000809  IntEnable                     
00000871  __TI_decompress_lzss          
000008d9  TimerConfigure                
00000939  __TI_auto_init_nobinit_nopinit
0000097d  SysCtlPeripheralEnable        
000009b1  _c_int00_noargs               
000009e5  GPIODirModeSet                
00000a0f  __TI_zero_init_nomemset       
00000a2b  GPIOPinTypeGPIOOutput         
00000a45  TimerDisable                  
00000a5d  SysTickDisable                
00000a71  SysTickEnable                 
00000a85  TimerLoadSet                  
00000a97  IntMasterEnable               
00000aa9  SysTickPeriodSet              
00000ab9  TimerEnable                   
00000ac7  __TI_decompress_none          
00000ad5  CPUcpsie                      
00000ae1  ResetISR                      
00000aed  TimerIntEnable                
00000af5  GPIOPinRead                   
00000afb  GPIOPinWrite                  
00000b01  SysCtlDelay                   
00000b07  TimerIntClear                 
00000b0b  _system_pre_init              
00000b0f  C$$EXIT                       
00000b0f  abort                         
00000bf0  __TI_Handler_Table_Base       
00000bfc  __TI_Handler_Table_Limit      
00000c10  __TI_CINIT_Base               
00000c20  __TI_CINIT_Limit              
20000000  __stack                       
20000000  __start___llvm_prf_cnts       
20000000  __stop___llvm_prf_cnts        
20000200  __STACK_END                   
20000200  __STACK_TOP                   
20000200  ui32Period                    
20000204  i                             
ffffffff  __TI_pprof_out_hndl           
ffffffff  __TI_prof_data_size           
ffffffff  __TI_prof_data_start          
ffffffff  __binit__                     
ffffffff  __c_args__                    
ffffffff  binit                         
UNDEFED   __mpu_init                    
UNDEFED   _system_post_cinit            

[60 symbols]
